// Vitest Snapshot v1, https://vitest.dev/guide/snapshot.html

exports[`OpsMetricsPanel > renders margin overview with actions 1`] = `
<div>
  <div
    class="ant-card ant-card-bordered css-dev-only-do-not-override-kbg4zp"
    style="border-radius: 16px; border: 1px solid rgb(240, 240, 240); background: rgb(255, 255, 255);"
  >
    <div
      class="ant-card-head"
    >
      <div
        class="ant-card-head-wrapper"
      >
        <div
          class="ant-card-head-title"
        >
          <div
            class="ant-space css-dev-only-do-not-override-kbg4zp ant-space-horizontal ant-space-align-center"
            style="column-gap: 10px; row-gap: 10px;"
          >
            <div
              class="ant-space-item"
            >
              <span
                style="color: rgba(0, 0, 0, 0.88);"
              >
                Ops metrics
              </span>
            </div>
            <div
              class="ant-space-item"
            >
              <span
                class="ant-tag ant-tag-blue css-dev-only-do-not-override-kbg4zp"
              >
                —
              </span>
            </div>
          </div>
        </div>
      </div>
    </div>
    <div
      class="ant-card-body"
    >
      <div
        class="ant-space css-dev-only-do-not-override-kbg4zp ant-space-vertical"
        style="column-gap: 20px; row-gap: 20px; width: 100%;"
      >
        <div
          class="ant-space-item"
        >
          <div>
            <span
              class="ant-typography css-dev-only-do-not-override-kbg4zp"
              style="color: rgba(0, 0, 0, 0.88); font-weight: 600;"
            >
              Infrastructure
            </span>
            <div
              class="ant-row css-dev-only-do-not-override-kbg4zp"
              style="margin-left: -6px; margin-right: -6px; row-gap: 12px; margin-top: 12px;"
            >
              <div
                class="ant-col ant-col-xs-12 ant-col-md-6 css-dev-only-do-not-override-kbg4zp"
                style="padding-left: 6px; padding-right: 6px;"
              >
                <div
                  class="ant-statistic css-dev-only-do-not-override-kbg4zp"
                >
                  <div
                    class="ant-statistic-title"
                  >
                    <span
                      style="color: rgba(0, 0, 0, 0.65);"
                    >
                      Uptime
                    </span>
                  </div>
                  <div
                    class="ant-statistic-content"
                  >
                    <span
                      class="ant-statistic-content-value"
                    >
                      1h 0m
                    </span>
                  </div>
                </div>
              </div>
              <div
                class="ant-col ant-col-xs-12 ant-col-md-6 css-dev-only-do-not-override-kbg4zp"
                style="padding-left: 6px; padding-right: 6px;"
              >
                <div
                  class="ant-statistic css-dev-only-do-not-override-kbg4zp"
                >
                  <div
                    class="ant-statistic-title"
                  >
                    <span
                      style="color: rgba(0, 0, 0, 0.65);"
                    >
                      Load (1m)
                    </span>
                  </div>
                  <div
                    class="ant-statistic-content"
                  >
                    <span
                      class="ant-statistic-content-value"
                    >
                      <span
                        class="ant-statistic-content-value-int"
                      >
                        1
                      </span>
                      <span
                        class="ant-statistic-content-value-decimal"
                      >
                        .23
                      </span>
                    </span>
                  </div>
                </div>
              </div>
              <div
                class="ant-col ant-col-xs-12 ant-col-md-6 css-dev-only-do-not-override-kbg4zp"
                style="padding-left: 6px; padding-right: 6px;"
              >
                <div
                  class="ant-statistic css-dev-only-do-not-override-kbg4zp"
                >
                  <div
                    class="ant-statistic-title"
                  >
                    <span
                      style="color: rgba(0, 0, 0, 0.65);"
                    >
                      Memory RSS
                    </span>
                  </div>
                  <div
                    class="ant-statistic-content"
                  >
                    <span
                      class="ant-statistic-content-value"
                    >
                      512.0 MB
                    </span>
                  </div>
                </div>
              </div>
              <div
                class="ant-col ant-col-xs-12 ant-col-md-6 css-dev-only-do-not-override-kbg4zp"
                style="padding-left: 6px; padding-right: 6px;"
              >
                <div
                  class="ant-statistic css-dev-only-do-not-override-kbg4zp"
                >
                  <div
                    class="ant-statistic-title"
                  >
                    <span
                      style="color: rgba(0, 0, 0, 0.65);"
                    >
                      Heap used
                    </span>
                  </div>
                  <div
                    class="ant-statistic-content"
                  >
                    <span
                      class="ant-statistic-content-value"
                    >
                      256.0 MB
                    </span>
                  </div>
                </div>
              </div>
            </div>
          </div>
        </div>
        <div
          class="ant-space-item"
        >
          <div
            class="ant-divider css-dev-only-do-not-override-kbg4zp ant-divider-horizontal"
            role="separator"
            style="margin: 0px; border-color: rgb(240, 240, 240);"
          />
        </div>
        <div
          class="ant-space-item"
        >
          <div>
            <span
              class="ant-typography css-dev-only-do-not-override-kbg4zp"
              style="color: rgba(0, 0, 0, 0.88); font-weight: 600;"
            >
              Session posture
            </span>
            <div
              class="ant-row css-dev-only-do-not-override-kbg4zp"
              style="margin-left: -6px; margin-right: -6px; row-gap: 12px; margin-top: 12px;"
            >
              <div
                class="ant-col ant-col-xs-12 ant-col-md-6 css-dev-only-do-not-override-kbg4zp"
                style="padding-left: 6px; padding-right: 6px;"
              >
                <div
                  class="ant-statistic css-dev-only-do-not-override-kbg4zp"
                >
                  <div
                    class="ant-statistic-title"
                  >
                    <span
                      style="color: rgba(0, 0, 0, 0.65);"
                    >
                      Active sessions
                    </span>
                  </div>
                  <div
                    class="ant-statistic-content"
                  >
                    <span
                      class="ant-statistic-content-value"
                    >
                      <span
                        class="ant-statistic-content-value-int"
                      >
                        3
                      </span>
                    </span>
                  </div>
                </div>
              </div>
              <div
                class="ant-col ant-col-xs-12 ant-col-md-6 css-dev-only-do-not-override-kbg4zp"
                style="padding-left: 6px; padding-right: 6px;"
              >
                <div
                  class="ant-statistic css-dev-only-do-not-override-kbg4zp"
                >
                  <div
                    class="ant-statistic-title"
                  >
                    <span
                      style="color: rgba(0, 0, 0, 0.65);"
                    >
                      Managing
                    </span>
                  </div>
                  <div
                    class="ant-statistic-content"
                  >
                    <span
                      class="ant-statistic-content-value"
                    >
                      <span
                        class="ant-statistic-content-value-int"
                      >
                        2
                      </span>
                    </span>
                  </div>
                </div>
              </div>
              <div
                class="ant-col ant-col-xs-12 ant-col-md-6 css-dev-only-do-not-override-kbg4zp"
                style="padding-left: 6px; padding-right: 6px;"
              >
                <div
                  class="ant-statistic css-dev-only-do-not-override-kbg4zp"
                >
                  <div
                    class="ant-statistic-title"
                  >
                    <span
                      style="color: rgba(0, 0, 0, 0.65);"
                    >
                      Halted
                    </span>
                  </div>
                  <div
                    class="ant-statistic-content"
                    style="color: rgb(255, 77, 79);"
                  >
                    <span
                      class="ant-statistic-content-value"
                    >
                      <span
                        class="ant-statistic-content-value-int"
                      >
                        1
                      </span>
                    </span>
                  </div>
                </div>
              </div>
              <div
                class="ant-col ant-col-xs-12 ant-col-md-6 css-dev-only-do-not-override-kbg4zp"
                style="padding-left: 6px; padding-right: 6px;"
              >
                <div
                  class="ant-statistic css-dev-only-do-not-override-kbg4zp"
                >
                  <div
                    class="ant-statistic-title"
                  >
                    <span
                      style="color: rgba(0, 0, 0, 0.65);"
                    >
                      Agents total
                    </span>
                  </div>
                  <div
                    class="ant-statistic-content"
                  >
                    <span
                      class="ant-statistic-content-value"
                    >
                      <span
                        class="ant-statistic-content-value-int"
                      >
                        3
                      </span>
                    </span>
                  </div>
                </div>
              </div>
            </div>
          </div>
        </div>
        <div
          class="ant-space-item"
        >
          <div
            class="ant-divider css-dev-only-do-not-override-kbg4zp ant-divider-horizontal"
            role="separator"
            style="margin: 0px; border-color: rgb(240, 240, 240);"
          />
        </div>
        <div
          class="ant-space-item"
        >
          <div>
            <span
              class="ant-typography css-dev-only-do-not-override-kbg4zp"
              style="color: rgba(0, 0, 0, 0.88); font-weight: 600;"
            >
              Risk & alerts
            </span>
            <div
              class="ant-row css-dev-only-do-not-override-kbg4zp"
              style="margin-left: -6px; margin-right: -6px; row-gap: 12px; margin-top: 12px;"
            >
              <div
                class="ant-col ant-col-xs-12 ant-col-md-6 css-dev-only-do-not-override-kbg4zp"
                style="padding-left: 6px; padding-right: 6px;"
              >
                <div
                  class="ant-statistic css-dev-only-do-not-override-kbg4zp"
                >
                  <div
                    class="ant-statistic-title"
                  >
                    <span
                      style="color: rgba(0, 0, 0, 0.65);"
                    >
                      Open positions
                    </span>
                  </div>
                  <div
                    class="ant-statistic-content"
                  >
                    <span
                      class="ant-statistic-content-value"
                    >
                      <span
                        class="ant-statistic-content-value-int"
                      >
                        4
                      </span>
                    </span>
                  </div>
                </div>
              </div>
              <div
                class="ant-col ant-col-xs-12 ant-col-md-6 css-dev-only-do-not-override-kbg4zp"
                style="padding-left: 6px; padding-right: 6px;"
              >
                <div
                  class="ant-statistic css-dev-only-do-not-override-kbg4zp"
                >
                  <div
                    class="ant-statistic-title"
                  >
                    <span
                      aria-describedby="test-id"
                      style="color: rgba(0, 0, 0, 0.65);"
                    >
                      Protective issues
                    </span>
                  </div>
                  <div
                    class="ant-statistic-content"
                    style="color: rgb(250, 173, 20);"
                  >
                    <span
                      class="ant-statistic-content-value"
                    >
                      <span
                        class="ant-statistic-content-value-int"
                      >
                        1
                      </span>
                    </span>
                  </div>
                </div>
              </div>
              <div
                class="ant-col ant-col-xs-12 ant-col-md-6 css-dev-only-do-not-override-kbg4zp"
                style="padding-left: 6px; padding-right: 6px;"
              >
                <div
                  class="ant-statistic css-dev-only-do-not-override-kbg4zp"
                >
                  <div
                    class="ant-statistic-title"
                  >
                    <span
                      style="color: rgba(0, 0, 0, 0.65);"
                    >
                      Alerts (1h)
                    </span>
                  </div>
                  <div
                    class="ant-statistic-content"
                    style="color: rgb(250, 173, 20);"
                  >
                    <span
                      class="ant-statistic-content-value"
                    >
                      <span
                        class="ant-statistic-content-value-int"
                      >
                        2
                      </span>
                    </span>
                  </div>
                </div>
              </div>
              <div
                class="ant-col ant-col-xs-12 ant-col-md-6 css-dev-only-do-not-override-kbg4zp"
                style="padding-left: 6px; padding-right: 6px;"
              >
                <div
                  class="ant-statistic css-dev-only-do-not-override-kbg4zp"
                >
                  <div
                    class="ant-statistic-title"
                  >
                    <span
                      style="color: rgba(0, 0, 0, 0.65);"
                    >
                      Alerts (24h)
                    </span>
                  </div>
                  <div
                    class="ant-statistic-content"
                  >
                    <span
                      class="ant-statistic-content-value"
                    >
                      <span
                        class="ant-statistic-content-value-int"
                      >
                        5
                      </span>
                    </span>
                  </div>
                </div>
              </div>
            </div>
          </div>
        </div>
        <div
          class="ant-space-item"
        >
          <div
            style="border-radius: 14px; padding: 16px; background: rgba(0, 0, 0, 0.02); border: 1px solid rgb(240, 240, 240);"
          >
            <div
              class="ant-space css-dev-only-do-not-override-kbg4zp ant-space-vertical"
              style="column-gap: 14px; row-gap: 14px; width: 100%;"
            >
              <div
                class="ant-space-item"
              >
                <div
                  style="display: flex; justify-content: space-between; align-items: center;"
                >
                  <span
                    aria-describedby="test-id"
                    class="ant-typography css-dev-only-do-not-override-kbg4zp"
                    style="color: rgba(0, 0, 0, 0.88); font-weight: 600;"
                  >
                    Margin guard
                  </span>
                  <span
                    class="ant-tag ant-tag-red css-dev-only-do-not-override-kbg4zp"
                  >
                    1 critical
                  </span>
                </div>
              </div>
              <div
                class="ant-space-item"
              >
                <div
                  aria-valuemax="100"
                  aria-valuemin="0"
                  aria-valuenow="72"
                  class="ant-progress ant-progress-status-normal ant-progress-line ant-progress-line-align-end ant-progress-line-position-outer ant-progress-show-info ant-progress-default css-dev-only-do-not-override-kbg4zp"
                  role="progressbar"
                >
                  <div
                    class="ant-progress-outer"
                    style="width: 100%;"
                  >
                    <div
                      class="ant-progress-inner"
                    >
                      <div
                        class="ant-progress-bg ant-progress-bg-outer"
                        style="width: 72.4%; height: 8px; --progress-line-stroke-color: #ff4d4f; background: rgb(255, 77, 79); --progress-percent: 0.7240000000000001;"
                      />
                    </div>
                    <span
                      class="ant-progress-text ant-progress-text-end ant-progress-text-outer"
                      title="72.4%"
                    >
                      72.4%
                    </span>
                  </div>
                </div>
              </div>
              <div
                class="ant-space-item"
              >
                <div
                  style="display: flex; justify-content: space-between; color: rgba(0, 0, 0, 0.65); font-size: 12px;"
                >
                  <span>
                    2
                     sessions tracked
                  </span>
                  <span>
                    Updated 
                    —
                  </span>
                </div>
              </div>
              <div
                class="ant-space-item"
              >
                <div
                  style="margin-top: 8px;"
                >
                  <span
                    class="ant-typography css-dev-only-do-not-override-kbg4zp"
                    style="color: rgba(0, 0, 0, 0.65); font-size: 12px;"
                  >
                    Top risk sessions
                  </span>
                  <div
                    class="ant-list ant-list-sm ant-list-split css-dev-only-do-not-override-kbg4zp"
                  >
                    <div
                      class="ant-spin-nested-loading css-dev-only-do-not-override-kbg4zp"
                    >
                      <div
                        class="ant-spin-container"
                      >
                        <ul
                          class="ant-list-items"
                        >
                          <li
                            class="ant-list-item"
                            style="padding: 8px 0px;"
                          >
                            <div
                              class="ant-space css-dev-only-do-not-override-kbg4zp ant-space-horizontal ant-space-align-center ant-space-gap-row-small ant-space-gap-col-small"
                              style="width: 100%; justify-content: space-between;"
                            >
                              <div
                                class="ant-space-item"
                              >
                                <div
                                  class="ant-space css-dev-only-do-not-override-kbg4zp ant-space-horizontal ant-space-align-center"
                                  style="column-gap: 8px; row-gap: 8px;"
                                >
                                  <div
                                    class="ant-space-item"
                                  >
                                    <span
                                      class="ant-badge ant-badge-status ant-badge-not-a-wrapper css-dev-only-do-not-override-kbg4zp"
                                    >
                                      <span
                                        class="ant-badge-status-dot ant-badge-status-error"
                                      />
                                    </span>
                                  </div>
                                  <div
                                    class="ant-space-item"
                                  >
                                    <span
                                      style="color: rgba(0, 0, 0, 0.88); font-weight: 500;"
                                    >
                                      BTC/USDT
                                    </span>
                                  </div>
                                </div>
                              </div>
                              <div
                                class="ant-space-item"
                              >
                                <span
                                  style="color: rgba(0, 0, 0, 0.88); font-weight: 600;"
                                >
                                  88.2
                                  %
                                </span>
                              </div>
                            </div>
                          </li>
                          <li
                            class="ant-list-item"
                            style="padding: 8px 0px;"
                          >
                            <div
                              class="ant-space css-dev-only-do-not-override-kbg4zp ant-space-horizontal ant-space-align-center ant-space-gap-row-small ant-space-gap-col-small"
                              style="width: 100%; justify-content: space-between;"
                            >
                              <div
                                class="ant-space-item"
                              >
                                <div
                                  class="ant-space css-dev-only-do-not-override-kbg4zp ant-space-horizontal ant-space-align-center"
                                  style="column-gap: 8px; row-gap: 8px;"
                                >
                                  <div
                                    class="ant-space-item"
                                  >
                                    <span
                                      class="ant-badge ant-badge-status ant-badge-not-a-wrapper css-dev-only-do-not-override-kbg4zp"
                                    >
                                      <span
                                        class="ant-badge-status-dot ant-badge-status-warning"
                                      />
                                    </span>
                                  </div>
                                  <div
                                    class="ant-space-item"
                                  >
                                    <span
                                      style="color: rgba(0, 0, 0, 0.88); font-weight: 500;"
                                    >
                                      ETH/USDT
                                    </span>
                                  </div>
                                </div>
                              </div>
                              <div
                                class="ant-space-item"
                              >
                                <span
                                  style="color: rgba(0, 0, 0, 0.88); font-weight: 600;"
                                >
                                  64.8
                                  %
                                </span>
                              </div>
                            </div>
                          </li>
                        </ul>
                      </div>
                    </div>
                  </div>
                </div>
              </div>
            </div>
          </div>
        </div>
      </div>
    </div>
  </div>
</div>
`;
